--- Logging error ---
Traceback (most recent call last):
  File "C:\Users\Kashan\AppData\Roaming\uv\python\cpython-3.12.12-windows-x86_64-none\Lib\logging\__init__.py", line 1163, in emit
    stream.write(msg + self.terminator)
  File "C:\Users\Kashan\AppData\Roaming\uv\python\cpython-3.12.12-windows-x86_64-none\Lib\encodings\cp1252.py", line 19, in encode
    return codecs.charmap_encode(input,self.errors,encoding_table)[0]
           ^^^^^^^^^^^^^^^^^^^^^^^^^^^^^^^^^^^^^^^^^^^^^^^^^^^^^^^
UnicodeEncodeError: 'charmap' codec can't encode character '\u2705' in position 65: character maps to <undefined>
Call stack:
  File "C:\Users\Kashan\Documents\Digital labor\digital_labor2 - Copy\action_executor.py", line 526, in <module>
    main()
  File "C:\Users\Kashan\Documents\Digital labor\digital_labor2 - Copy\action_executor.py", line 515, in main
    handler.process_file(file_path)
  File "C:\Users\Kashan\Documents\Digital labor\digital_labor2 - Copy\action_executor.py", line 109, in process_file
    self._archive_file(file_path)
  File "C:\Users\Kashan\Documents\Digital labor\digital_labor2 - Copy\action_executor.py", line 493, in _archive_file
    notify_boss.send_notification(msg, priority=priority)
  File "C:\Users\Kashan\Documents\Digital labor\digital_labor2 - Copy\notify_boss.py", line 47, in send_notification
    logger.info(f"Notification sent: {message}")
Message: 'Notification sent: \u2705 Task Completed: P1_EMAIL_Response_AI_Project_Proposal_Request_20260118.md'
Arguments: ()
