2026-01-17 20:57:26,213 - RalphLoop - INFO - Initialized Ralph Wiggum Loop
2026-01-17 20:57:26,214 - RalphLoop - INFO - Max Iterations: 50
2026-01-17 20:57:26,214 - RalphLoop - INFO - Iteration Delay: 3s
2026-01-17 20:57:26,214 - RalphLoop - INFO - Dry Run: False
2026-01-17 20:57:26,214 - RalphLoop - INFO - ================================================================================
2026-01-17 20:57:26,233 - RalphLoop - INFO - ================================================================================
2026-01-17 20:57:26,233 - RalphLoop - INFO - 
2026-01-17 20:57:26,234 - RalphLoop - INFO - ================================================================================
2026-01-17 20:57:26,235 - RalphLoop - INFO - ================================================================================
Warning: gmail_watcher not found. Email execution will fail.
2026-01-17 20:57:26,752 - root - WARNING - Could not import Action Executor. Actions will not be processed.
2026-01-17 20:57:26,770 - Orchestrator - INFO - Processing new file: [URGENT]_Email_20260117_205708_Fwd_ URGENT_ Request for AI Project Proposal.md
2026-01-17 20:57:26,770 - Orchestrator - INFO - Executing 'ccr code' for: [URGENT]_Email_20260117_205708_Fwd_ URGENT_ Request for AI Project Proposal.md
2026-01-17 20:58:56,142 - Orchestrator - INFO - CCR Output:
I have completed the required planning phase for the urgent AI project proposal request. The plan has been created following the Chief of Staff six-page narrative format and saved to the `01_Needs_Action` directory with the correct naming convention: `PLAN_[URGENT]_Email_20260117_205708_Fwd_ URGENT_ Request for AI Project Proposal.md`.

The plan outlines a strategic approach to respond professionally to Tehmina Naz's request while gathering necessary information through a discovery meeting before committing to a detailed proposal. The plan includes all required sections: Executive Summary, Context, Analysis, Recommendation, Risks and Mitigations, and Appendix.

According to the Company Handbook rules, I have now stopped execution and am waiting for human approval of this plan before proceeding to the next phase. Once approved, the plan will be moved back to the inbox to trigger the execution phase.

2026-01-17 20:58:56,143 - Orchestrator - INFO - Analysis completed successfully for [URGENT]_Email_20260117_205708_Fwd_ URGENT_ Request for AI Project Proposal.md
2026-01-17 20:58:56,143 - Orchestrator - INFO - Archived: [URGENT]_Email_20260117_205708_Fwd_ URGENT_ Request for AI Project Proposal.md -> [URGENT]_Email_20260117_205708_Fwd_ URGENT_ Request for AI Project Proposal_20260117_205856.md
2026-01-17 20:58:56,144 - Orchestrator - INFO - Successfully processed and archived: [URGENT]_Email_20260117_205708_Fwd_ URGENT_ Request for AI Project Proposal.md
2026-01-17 20:58:56,144 - RalphLoop - INFO - ✅ Processed: [URGENT]_Email_20260117_205708_Fwd_ URGENT_ Request for AI Project Proposal.md
2026-01-17 20:58:56,144 - RalphLoop - INFO - ⏳ Waiting 3s before next iteration...
2026-01-17 20:58:59,147 - RalphLoop - INFO - 
2026-01-17 20:58:59,147 - RalphLoop - INFO - ================================================================================
2026-01-17 20:58:59,147 - RalphLoop - INFO - 📍 Iteration 2/50
2026-01-17 20:58:59,147 - RalphLoop - INFO - ================================================================================
2026-01-17 20:58:59,151 - RalphLoop - INFO - 🛑 Stop Condition Met: Inbox is empty
2026-01-17 20:58:59,153 - RalphLoop - INFO - 
2026-01-17 20:58:59,153 - RalphLoop - INFO - ================================================================================
2026-01-17 20:58:59,154 - RalphLoop - INFO - 🏁 Ralph Wiggum Loop Completed
2026-01-17 20:58:59,154 - RalphLoop - INFO - ================================================================================
2026-01-17 20:58:59,154 - RalphLoop - INFO - Total Iterations: 2
2026-01-17 20:58:59,154 - RalphLoop - INFO - Files Processed: 1
2026-01-17 20:58:59,155 - RalphLoop - INFO - Elapsed Time: 0:01:32
2026-01-17 20:58:59,155 - RalphLoop - INFO - Status File: C:\Users\Kashan\Documents\Digital labor\digital_labor2 - Copy\Management\Loop_Status.md
2026-01-17 20:58:59,155 - RalphLoop - INFO - ================================================================================
