2026-01-18 01:21:30,532 - RalphLoop - INFO - Initialized Ralph Wiggum Loop
2026-01-18 01:21:30,533 - RalphLoop - INFO - Max Iterations: 50
2026-01-18 01:21:30,533 - RalphLoop - INFO - Iteration Delay: 3s
2026-01-18 01:21:30,533 - RalphLoop - INFO - Dry Run: False
2026-01-18 01:21:30,533 - RalphLoop - INFO - ================================================================================
2026-01-18 01:21:30,548 - RalphLoop - INFO - ================================================================================
2026-01-18 01:21:30,548 - RalphLoop - INFO - 
2026-01-18 01:21:30,548 - RalphLoop - INFO - ================================================================================
2026-01-18 01:21:30,550 - RalphLoop - INFO - ================================================================================
2026-01-18 01:21:32,368 - root - WARNING - Could not import Action Executor. Actions will not be processed.
2026-01-18 01:21:32,371 - Orchestrator - INFO - Processing new file: [URGENT]_Email_20260118_010636_Fwd_ URGENT_ Request for AI Project Proposal.md
2026-01-18 01:21:32,372 - Orchestrator - INFO - Executing 'ccr code' for: [URGENT]_Email_20260118_010636_Fwd_ URGENT_ Request for AI Project Proposal.md
2026-01-18 01:22:55,248 - Orchestrator - INFO - CCR Output:
I have successfully created the plan file for the urgent email regarding the AI project proposal. The plan follows the narrative structure as required by the chief-of-staff skill and addresses the urgent nature of the request. The plan is now in the `01_Needs_Action/` directory with the exact filename required: `PLAN_[URGENT]_Email_20260118_010636_Fwd_ URGENT_ Request for AI Project Proposal.md`.

The plan includes:
- Executive summary
- Situation and complication analysis
- Key questions to be addressed
- Recommended approach
- Detailed execution steps
- Risk mitigation strategies
- Success metrics
- Resource requirements
- Timeline for completion

The plan is ready for your review and approval. Once approved, I will proceed with executing the steps outlined in the plan to respond to the urgent email request.

2026-01-18 01:22:55,248 - Orchestrator - INFO - Analysis completed successfully for [URGENT]_Email_20260118_010636_Fwd_ URGENT_ Request for AI Project Proposal.md
2026-01-18 01:22:55,249 - Orchestrator - INFO - Archived: [URGENT]_Email_20260118_010636_Fwd_ URGENT_ Request for AI Project Proposal.md -> [URGENT]_Email_20260118_010636_Fwd_ URGENT_ Request for AI Project Proposal_20260118_012255.md
2026-01-18 01:22:55,250 - Orchestrator - INFO - Successfully processed and archived: [URGENT]_Email_20260118_010636_Fwd_ URGENT_ Request for AI Project Proposal.md
2026-01-18 01:22:55,250 - RalphLoop - INFO - ✅ Processed: [URGENT]_Email_20260118_010636_Fwd_ URGENT_ Request for AI Project Proposal.md
2026-01-18 01:22:55,250 - RalphLoop - INFO - ⏳ Waiting 3s before next iteration...
2026-01-18 01:22:58,251 - RalphLoop - INFO - 
2026-01-18 01:22:58,251 - RalphLoop - INFO - ================================================================================
2026-01-18 01:22:58,251 - RalphLoop - INFO - 📍 Iteration 2/50
2026-01-18 01:22:58,251 - RalphLoop - INFO - ================================================================================
2026-01-18 01:22:58,254 - RalphLoop - INFO - 📂 Found 1 file(s) to process
2026-01-18 01:22:58,254 - RalphLoop - INFO - 📄 Processing file 1/1: [URGENT]_Email_20260118_012134_Fwd_ URGENT_ Request for AI Project Proposal.md
2026-01-18 01:22:58,255 - Orchestrator - INFO - Processing new file: [URGENT]_Email_20260118_012134_Fwd_ URGENT_ Request for AI Project Proposal.md
2026-01-18 01:22:58,255 - Orchestrator - INFO - Executing 'ccr code' for: [URGENT]_Email_20260118_012134_Fwd_ URGENT_ Request for AI Project Proposal.md
2026-01-18 01:23:46,542 - Orchestrator - INFO - CCR Output:
I have created a plan file for the urgent email request regarding the AI project proposal. The plan outlines the steps needed to draft a professional response expressing interest and requesting a meeting for next week. 

The plan file is located at:
`01_Needs_Action\PLAN_[URGENT]_Email_20260118_012134_Fwd_ URGENT_ Request for AI Project Proposal.md`

The plan includes:
1. Drafting a professional response expressing interest in the AI automation project
2. Acknowledging the urgency of the request
3. Proposing a meeting for next week to discuss project details
4. Reviewing and refining the response
5. Preparing the final output file

The plan is now ready for your approval. Once approved, I will execute these steps and create the final response in the 02_Pending_Approval directory.

2026-01-18 01:23:46,543 - Orchestrator - INFO - Analysis completed successfully for [URGENT]_Email_20260118_012134_Fwd_ URGENT_ Request for AI Project Proposal.md
2026-01-18 01:23:46,550 - Orchestrator - INFO - Archived: [URGENT]_Email_20260118_012134_Fwd_ URGENT_ Request for AI Project Proposal.md -> [URGENT]_Email_20260118_012134_Fwd_ URGENT_ Request for AI Project Proposal_20260118_012346.md
2026-01-18 01:23:46,550 - Orchestrator - INFO - Successfully processed and archived: [URGENT]_Email_20260118_012134_Fwd_ URGENT_ Request for AI Project Proposal.md
2026-01-18 01:23:46,550 - RalphLoop - INFO - ✅ Processed: [URGENT]_Email_20260118_012134_Fwd_ URGENT_ Request for AI Project Proposal.md
2026-01-18 01:23:46,550 - RalphLoop - INFO - ⏳ Waiting 3s before next iteration...
2026-01-18 01:23:49,551 - RalphLoop - INFO - 
2026-01-18 01:23:49,551 - RalphLoop - INFO - ================================================================================
2026-01-18 01:23:49,551 - RalphLoop - INFO - 📍 Iteration 3/50
2026-01-18 01:23:49,552 - RalphLoop - INFO - ================================================================================
2026-01-18 01:23:49,555 - RalphLoop - INFO - 🛑 Stop Condition Met: Inbox is empty
2026-01-18 01:23:49,557 - RalphLoop - INFO - 
2026-01-18 01:23:49,558 - RalphLoop - INFO - ================================================================================
2026-01-18 01:23:49,558 - RalphLoop - INFO - 🏁 Ralph Wiggum Loop Completed
2026-01-18 01:23:49,558 - RalphLoop - INFO - ================================================================================
2026-01-18 01:23:49,559 - RalphLoop - INFO - Total Iterations: 3
2026-01-18 01:23:49,559 - RalphLoop - INFO - Files Processed: 2
2026-01-18 01:23:49,559 - RalphLoop - INFO - Elapsed Time: 0:02:19
2026-01-18 01:23:49,559 - RalphLoop - INFO - Status File: C:\Users\Kashan\Documents\Digital labor\digital_labor2 - Copy\Management\Loop_Status.md
2026-01-18 01:23:49,559 - RalphLoop - INFO - ================================================================================
