2026-01-17 23:04:04,333 - RalphLoop - INFO - Initialized Ralph Wiggum Loop
2026-01-17 23:04:04,333 - RalphLoop - INFO - Max Iterations: 50
2026-01-17 23:04:04,333 - RalphLoop - INFO - Iteration Delay: 3s
2026-01-17 23:04:04,333 - RalphLoop - INFO - Dry Run: False
2026-01-17 23:04:04,333 - RalphLoop - INFO - ================================================================================
2026-01-17 23:04:04,349 - RalphLoop - INFO - ================================================================================
2026-01-17 23:04:04,349 - RalphLoop - INFO - 
2026-01-17 23:04:04,349 - RalphLoop - INFO - ================================================================================
2026-01-17 23:04:04,349 - RalphLoop - INFO - ================================================================================
Warning: gmail_watcher not found. Email execution will fail.
2026-01-17 23:04:04,552 - root - WARNING - Could not import Action Executor. Actions will not be processed.
2026-01-17 23:04:04,555 - Orchestrator - INFO - Processing new file: [URGENT]_Email_20260117_230240_Fwd_ URGENT_ Request for AI Project Proposal.md
2026-01-17 23:04:04,555 - Orchestrator - INFO - Executing 'ccr code' for: [URGENT]_Email_20260117_230240_Fwd_ URGENT_ Request for AI Project Proposal.md
2026-01-17 23:05:08,717 - Orchestrator - INFO - CCR Output:
I have created the required plan file for the urgent AI project proposal request. The plan follows the six-page narrative format as specified in the chief-of-staff skill, with sections covering executive summary, context, analysis, recommendations, risks and mitigations, and appendix.

The plan outlines how to respond professionally to Tehmina Naz's request for an AI automation project proposal, expressing interest and proposing a meeting for next week as requested. The file has been saved to `01_Needs_Action/PLAN_[URGENT]_Email_20260117_230240_Fwd_ URGENT_ Request for AI Project Proposal.md` following the exact naming convention required.

Next steps would involve waiting for human approval of this plan before proceeding with the execution phase to draft and send the actual response email.

2026-01-17 23:05:08,718 - Orchestrator - INFO - Analysis completed successfully for [URGENT]_Email_20260117_230240_Fwd_ URGENT_ Request for AI Project Proposal.md
2026-01-17 23:05:08,725 - Orchestrator - INFO - Archived: [URGENT]_Email_20260117_230240_Fwd_ URGENT_ Request for AI Project Proposal.md -> [URGENT]_Email_20260117_230240_Fwd_ URGENT_ Request for AI Project Proposal_20260117_230508.md
2026-01-17 23:05:08,725 - Orchestrator - INFO - Successfully processed and archived: [URGENT]_Email_20260117_230240_Fwd_ URGENT_ Request for AI Project Proposal.md
2026-01-17 23:05:08,725 - RalphLoop - INFO - ✅ Processed: [URGENT]_Email_20260117_230240_Fwd_ URGENT_ Request for AI Project Proposal.md
2026-01-17 23:05:08,725 - RalphLoop - INFO - ⏳ Waiting 3s before next iteration...
2026-01-17 23:05:11,727 - RalphLoop - INFO - 
2026-01-17 23:05:11,727 - RalphLoop - INFO - ================================================================================
2026-01-17 23:05:11,727 - RalphLoop - INFO - 📍 Iteration 2/50
2026-01-17 23:05:11,727 - RalphLoop - INFO - ================================================================================
2026-01-17 23:05:11,736 - RalphLoop - INFO - 🛑 Stop Condition Met: Inbox is empty
2026-01-17 23:05:11,738 - RalphLoop - INFO - 
2026-01-17 23:05:11,739 - RalphLoop - INFO - ================================================================================
2026-01-17 23:05:11,739 - RalphLoop - INFO - 🏁 Ralph Wiggum Loop Completed
2026-01-17 23:05:11,739 - RalphLoop - INFO - ================================================================================
2026-01-17 23:05:11,739 - RalphLoop - INFO - Total Iterations: 2
2026-01-17 23:05:11,740 - RalphLoop - INFO - Files Processed: 1
2026-01-17 23:05:11,740 - RalphLoop - INFO - Elapsed Time: 0:01:07
2026-01-17 23:05:11,740 - RalphLoop - INFO - Status File: C:\Users\Kashan\Documents\Digital labor\digital_labor2 - Copy\Management\Loop_Status.md
2026-01-17 23:05:11,740 - RalphLoop - INFO - ================================================================================
