2026-01-18 02:50:37,277 - RalphLoop - INFO - Initialized Ralph Wiggum Loop
2026-01-18 02:50:37,278 - RalphLoop - INFO - Max Iterations: 50
2026-01-18 02:50:37,278 - RalphLoop - INFO - Iteration Delay: 3s
2026-01-18 02:50:37,279 - RalphLoop - INFO - Dry Run: False
2026-01-18 02:50:37,280 - RalphLoop - INFO - ================================================================================
2026-01-18 02:50:37,307 - RalphLoop - INFO - ================================================================================
2026-01-18 02:50:37,308 - RalphLoop - INFO - 
2026-01-18 02:50:37,309 - RalphLoop - INFO - ================================================================================
2026-01-18 02:50:37,310 - RalphLoop - INFO - ================================================================================
2026-01-18 02:50:41,289 - root - WARNING - Could not import Action Executor. Actions will not be processed.
2026-01-18 02:50:41,293 - Orchestrator - INFO - Processing new file: [URGENT]_Email_20260118_024956_URGENT_ Request for AI Project Proposal.md
2026-01-18 02:50:41,294 - Orchestrator - INFO - Executing 'ccr code' for: [URGENT]_Email_20260118_024956_URGENT_ Request for AI Project Proposal.md
2026-01-18 02:52:06,065 - Orchestrator - INFO - CCR Output:
I have successfully created the plan file for the urgent AI project proposal request. The plan follows the six-page narrative format as required by the chief-of-staff skill, with sections covering executive summary, situation, complication, question, answer, context, analysis, recommendation, risks and mitigations, and appendix.

The plan outlines the approach to respond professionally to Tehmina Naz's urgent request for an AI automation project proposal, expressing interest and suggesting a meeting for next week while maintaining the appropriate level of urgency and professionalism.

The file has been saved to the required location: `01_Needs_Action\PLAN_[URGENT]_Email_20260118_024956_URGENT_ Request for AI Project Proposal.md`

According to the workflow, I should now wait for human approval of this plan before proceeding to execute the task and create the final output in `02_Pending_Approval/`.

2026-01-18 02:52:06,066 - Orchestrator - INFO - Analysis completed successfully for [URGENT]_Email_20260118_024956_URGENT_ Request for AI Project Proposal.md
2026-01-18 02:52:06,068 - Orchestrator - INFO - Archived: [URGENT]_Email_20260118_024956_URGENT_ Request for AI Project Proposal.md -> [URGENT]_Email_20260118_024956_URGENT_ Request for AI Project Proposal_20260118_025206.md
2026-01-18 02:52:06,068 - Orchestrator - INFO - Successfully processed and archived: [URGENT]_Email_20260118_024956_URGENT_ Request for AI Project Proposal.md
2026-01-18 02:52:06,068 - RalphLoop - INFO - ✅ Processed: [URGENT]_Email_20260118_024956_URGENT_ Request for AI Project Proposal.md
2026-01-18 02:52:06,068 - RalphLoop - INFO - ⏳ Waiting 3s before next iteration...
2026-01-18 02:52:09,069 - RalphLoop - INFO - 
2026-01-18 02:52:09,069 - RalphLoop - INFO - ================================================================================
2026-01-18 02:52:09,070 - RalphLoop - INFO - 📍 Iteration 2/50
2026-01-18 02:52:09,070 - RalphLoop - INFO - ================================================================================
2026-01-18 02:52:09,073 - RalphLoop - INFO - 🛑 Stop Condition Met: Inbox is empty
2026-01-18 02:52:09,075 - RalphLoop - INFO - 
2026-01-18 02:52:09,075 - RalphLoop - INFO - ================================================================================
2026-01-18 02:52:09,076 - RalphLoop - INFO - 🏁 Ralph Wiggum Loop Completed
2026-01-18 02:52:09,076 - RalphLoop - INFO - ================================================================================
2026-01-18 02:52:09,076 - RalphLoop - INFO - Total Iterations: 2
2026-01-18 02:52:09,076 - RalphLoop - INFO - Files Processed: 1
2026-01-18 02:52:09,076 - RalphLoop - INFO - Elapsed Time: 0:01:31
2026-01-18 02:52:09,076 - RalphLoop - INFO - Status File: C:\Users\Kashan\Documents\Digital labor\digital_labor2 - Copy\Management\Loop_Status.md
2026-01-18 02:52:09,077 - RalphLoop - INFO - ================================================================================
