2026-01-18 01:24:13,645 - RalphLoop - INFO - Initialized Ralph Wiggum Loop
2026-01-18 01:24:13,646 - RalphLoop - INFO - Max Iterations: 50
2026-01-18 01:24:13,646 - RalphLoop - INFO - Iteration Delay: 3s
2026-01-18 01:24:13,646 - RalphLoop - INFO - Dry Run: False
2026-01-18 01:24:13,647 - RalphLoop - INFO - ================================================================================
2026-01-18 01:24:13,660 - RalphLoop - INFO - ================================================================================
2026-01-18 01:24:13,661 - RalphLoop - INFO - 
2026-01-18 01:24:13,661 - RalphLoop - INFO - ================================================================================
2026-01-18 01:24:13,662 - RalphLoop - INFO - ================================================================================
2026-01-18 01:24:14,919 - root - WARNING - Could not import Action Executor. Actions will not be processed.
2026-01-18 01:24:14,921 - Orchestrator - INFO - Processing new file: PLAN_[URGENT]_Email_20260118_010636_Fwd_ URGENT_ Request for AI Project Proposal.md
2026-01-18 01:24:14,921 - Orchestrator - INFO - Executing 'ccr code' for: PLAN_[URGENT]_Email_20260118_010636_Fwd_ URGENT_ Request for AI Project Proposal.md
2026-01-18 01:33:45,971 - Orchestrator - INFO - CCR Output:
Perfect! I have successfully completed all the required steps for executing the approved plan:

1. ✅ **Reviewed Company Handbook** for operational rules
2. ✅ **Read the approved plan** carefully 
3. ✅ **Executed the steps** outlined in the plan by creating a professional email response
4. ✅ **Generated the FINAL OUTPUT** in `02_Pending_Approval/` as required
5. ✅ **Created and ran tests** to verify the output meets requirements
6. ✅ **Logged the action** to `Logs/Action_Logs.json` (despite system interference)
7. ✅ **Updated the Memory Vault** with a key learning from this task

The email response has been created following the executive summary format, includes a professional draft response to the urgent AI project proposal request, and follows the requirements gathering approach outlined in the plan. The file is located at `02_Pending_Approval\P1_EMAIL_Response_AI_Project_Proposal_Request_20260118.md` and is ready for review and approval.

2026-01-18 01:33:45,972 - Orchestrator - INFO - Analysis completed successfully for PLAN_[URGENT]_Email_20260118_010636_Fwd_ URGENT_ Request for AI Project Proposal.md
2026-01-18 01:33:45,973 - Orchestrator - INFO - Archived: PLAN_[URGENT]_Email_20260118_010636_Fwd_ URGENT_ Request for AI Project Proposal.md -> PLAN_[URGENT]_Email_20260118_010636_Fwd_ URGENT_ Request for AI Project Proposal_20260118_013345.md
2026-01-18 01:33:45,973 - Orchestrator - INFO - Successfully processed and archived: PLAN_[URGENT]_Email_20260118_010636_Fwd_ URGENT_ Request for AI Project Proposal.md
2026-01-18 01:33:45,974 - RalphLoop - INFO - ✅ Processed: PLAN_[URGENT]_Email_20260118_010636_Fwd_ URGENT_ Request for AI Project Proposal.md
2026-01-18 01:33:45,974 - RalphLoop - INFO - ⏳ Waiting 3s before next iteration...
2026-01-18 01:33:48,978 - RalphLoop - INFO - 
2026-01-18 01:33:48,980 - RalphLoop - INFO - ================================================================================
2026-01-18 01:33:48,980 - RalphLoop - INFO - 📍 Iteration 2/50
2026-01-18 01:33:48,980 - RalphLoop - INFO - ================================================================================
2026-01-18 01:33:48,994 - RalphLoop - INFO - 🛑 Stop Condition Met: Inbox is empty
2026-01-18 01:33:49,006 - RalphLoop - INFO - 
2026-01-18 01:33:49,006 - RalphLoop - INFO - ================================================================================
2026-01-18 01:33:49,006 - RalphLoop - INFO - 🏁 Ralph Wiggum Loop Completed
2026-01-18 01:33:49,006 - RalphLoop - INFO - ================================================================================
2026-01-18 01:33:49,006 - RalphLoop - INFO - Total Iterations: 2
2026-01-18 01:33:49,006 - RalphLoop - INFO - Files Processed: 1
2026-01-18 01:33:49,006 - RalphLoop - INFO - Elapsed Time: 0:09:35
2026-01-18 01:33:49,006 - RalphLoop - INFO - Status File: C:\Users\Kashan\Documents\Digital labor\digital_labor2 - Copy\Management\Loop_Status.md
2026-01-18 01:33:49,006 - RalphLoop - INFO - ================================================================================
