2026-01-18 02:44:06,099 - RalphLoop - INFO - Initialized Ralph Wiggum Loop
2026-01-18 02:44:06,099 - RalphLoop - INFO - Max Iterations: 50
2026-01-18 02:44:06,099 - RalphLoop - INFO - Iteration Delay: 3s
2026-01-18 02:44:06,099 - RalphLoop - INFO - Dry Run: False
2026-01-18 02:44:06,100 - RalphLoop - INFO - ================================================================================
2026-01-18 02:44:06,121 - RalphLoop - INFO - ================================================================================
2026-01-18 02:44:06,121 - RalphLoop - INFO - 
2026-01-18 02:44:06,122 - RalphLoop - INFO - ================================================================================
2026-01-18 02:44:06,124 - RalphLoop - INFO - ================================================================================
2026-01-18 02:44:08,149 - root - WARNING - Could not import Action Executor. Actions will not be processed.
2026-01-18 02:44:08,151 - Orchestrator - INFO - Processing new file: [URGENT]_Email_20260118_020029_URGENT_ Request for AI Project Proposal.md
2026-01-18 02:44:08,151 - Orchestrator - INFO - Executing 'ccr code' for: [URGENT]_Email_20260118_020029_URGENT_ Request for AI Project Proposal.md
2026-01-18 02:45:01,587 - Orchestrator - INFO - CCR Output:
I have created the required plan file for the urgent AI project proposal request. The plan outlines the execution steps needed to draft a professional response to Tehmina Naz's email, expressing interest in the AI automation project and proposing a meeting for next week. 

The plan has been saved to the 01_Needs_Action directory as required by the Company Handbook guidelines. According to the workflow, I will wait for human approval of this plan before proceeding to execute the task and create the final response in the 02_Pending_Approval directory.

2026-01-18 02:45:01,589 - Orchestrator - INFO - Analysis completed successfully for [URGENT]_Email_20260118_020029_URGENT_ Request for AI Project Proposal.md
2026-01-18 02:45:01,596 - Orchestrator - INFO - Archived: [URGENT]_Email_20260118_020029_URGENT_ Request for AI Project Proposal.md -> [URGENT]_Email_20260118_020029_URGENT_ Request for AI Project Proposal_20260118_024501.md
2026-01-18 02:45:01,597 - Orchestrator - INFO - Successfully processed and archived: [URGENT]_Email_20260118_020029_URGENT_ Request for AI Project Proposal.md
2026-01-18 02:45:01,597 - RalphLoop - INFO - ✅ Processed: [URGENT]_Email_20260118_020029_URGENT_ Request for AI Project Proposal.md
2026-01-18 02:45:01,599 - RalphLoop - INFO - ⏳ Waiting 3s before next iteration...
2026-01-18 02:45:04,602 - RalphLoop - INFO - 
2026-01-18 02:45:04,602 - RalphLoop - INFO - ================================================================================
2026-01-18 02:45:04,602 - RalphLoop - INFO - 📍 Iteration 2/50
2026-01-18 02:45:04,602 - RalphLoop - INFO - ================================================================================
2026-01-18 02:45:04,610 - RalphLoop - INFO - 🛑 Stop Condition Met: Inbox is empty
2026-01-18 02:45:04,614 - RalphLoop - INFO - 
2026-01-18 02:45:04,614 - RalphLoop - INFO - ================================================================================
2026-01-18 02:45:04,615 - RalphLoop - INFO - 🏁 Ralph Wiggum Loop Completed
2026-01-18 02:45:04,615 - RalphLoop - INFO - ================================================================================
2026-01-18 02:45:04,615 - RalphLoop - INFO - Total Iterations: 2
2026-01-18 02:45:04,616 - RalphLoop - INFO - Files Processed: 1
2026-01-18 02:45:04,616 - RalphLoop - INFO - Elapsed Time: 0:00:58
2026-01-18 02:45:04,616 - RalphLoop - INFO - Status File: C:\Users\Kashan\Documents\Digital labor\digital_labor2 - Copy\Management\Loop_Status.md
2026-01-18 02:45:04,617 - RalphLoop - INFO - ================================================================================
