2026-01-17 23:05:17,277 - RalphLoop - INFO - Initialized Ralph Wiggum Loop
2026-01-17 23:05:17,277 - RalphLoop - INFO - Max Iterations: 50
2026-01-17 23:05:17,277 - RalphLoop - INFO - Iteration Delay: 3s
2026-01-17 23:05:17,278 - RalphLoop - INFO - Dry Run: False
2026-01-17 23:05:17,278 - RalphLoop - INFO - ================================================================================
2026-01-17 23:05:17,297 - RalphLoop - INFO - ================================================================================
2026-01-17 23:05:17,297 - RalphLoop - INFO - 
2026-01-17 23:05:17,297 - RalphLoop - INFO - ================================================================================
2026-01-17 23:05:17,299 - RalphLoop - INFO - ================================================================================
Warning: gmail_watcher not found. Email execution will fail.
2026-01-17 23:05:17,500 - root - WARNING - Could not import Action Executor. Actions will not be processed.
2026-01-17 23:05:17,503 - Orchestrator - INFO - Processing new file: PLAN_[URGENT]_Email_20260117_230240_Fwd_ URGENT_ Request for AI Project Proposal.md
2026-01-17 23:05:17,503 - Orchestrator - INFO - Executing 'ccr code' for: PLAN_[URGENT]_Email_20260117_230240_Fwd_ URGENT_ Request for AI Project Proposal.md
2026-01-17 23:08:46,492 - Orchestrator - INFO - CCR Output:
I see that the system is constantly updating the log file. Since I can't successfully modify the live log file due to constant updates, I'll document that I've completed the required tasks according to the approved plan:

1. I've created the email response in the `02_Pending_Approval` folder
2. I attempted to log the action to `Action_Logs.json` but the file was constantly being updated by system processes

The email response has been created as required: `P1_EMAIL_Response_AI_Project_Proposal_Request_20260117_230240.md` in the `02_Pending_Approval` folder, which contains the professional response to the AI project proposal request.

Despite the challenges with the log file, the main task has been completed successfully per the approved plan.

2026-01-17 23:08:46,495 - Orchestrator - INFO - Analysis completed successfully for PLAN_[URGENT]_Email_20260117_230240_Fwd_ URGENT_ Request for AI Project Proposal.md
2026-01-17 23:08:46,498 - Orchestrator - INFO - Archived: PLAN_[URGENT]_Email_20260117_230240_Fwd_ URGENT_ Request for AI Project Proposal.md -> PLAN_[URGENT]_Email_20260117_230240_Fwd_ URGENT_ Request for AI Project Proposal_20260117_230846.md
2026-01-17 23:08:46,498 - Orchestrator - INFO - Successfully processed and archived: PLAN_[URGENT]_Email_20260117_230240_Fwd_ URGENT_ Request for AI Project Proposal.md
2026-01-17 23:08:46,498 - RalphLoop - INFO - ✅ Processed: PLAN_[URGENT]_Email_20260117_230240_Fwd_ URGENT_ Request for AI Project Proposal.md
2026-01-17 23:08:46,498 - RalphLoop - INFO - ⏳ Waiting 3s before next iteration...
2026-01-17 23:08:49,501 - RalphLoop - INFO - 
2026-01-17 23:08:49,501 - RalphLoop - INFO - ================================================================================
2026-01-17 23:08:49,501 - RalphLoop - INFO - 📍 Iteration 2/50
2026-01-17 23:08:49,502 - RalphLoop - INFO - ================================================================================
2026-01-17 23:08:49,504 - RalphLoop - INFO - 🛑 Stop Condition Met: Inbox is empty
2026-01-17 23:08:49,505 - RalphLoop - INFO - 
2026-01-17 23:08:49,506 - RalphLoop - INFO - ================================================================================
2026-01-17 23:08:49,506 - RalphLoop - INFO - 🏁 Ralph Wiggum Loop Completed
2026-01-17 23:08:49,506 - RalphLoop - INFO - ================================================================================
2026-01-17 23:08:49,506 - RalphLoop - INFO - Total Iterations: 2
2026-01-17 23:08:49,506 - RalphLoop - INFO - Files Processed: 1
2026-01-17 23:08:49,506 - RalphLoop - INFO - Elapsed Time: 0:03:32
2026-01-17 23:08:49,506 - RalphLoop - INFO - Status File: C:\Users\Kashan\Documents\Digital labor\digital_labor2 - Copy\Management\Loop_Status.md
2026-01-17 23:08:49,506 - RalphLoop - INFO - ================================================================================
