2026-01-18 02:45:22,199 - RalphLoop - INFO - Initialized Ralph Wiggum Loop
2026-01-18 02:45:22,199 - RalphLoop - INFO - Max Iterations: 50
2026-01-18 02:45:22,199 - RalphLoop - INFO - Iteration Delay: 3s
2026-01-18 02:45:22,200 - RalphLoop - INFO - Dry Run: False
2026-01-18 02:45:22,200 - RalphLoop - INFO - ================================================================================
2026-01-18 02:45:22,222 - RalphLoop - INFO - ================================================================================
2026-01-18 02:45:22,223 - RalphLoop - INFO - 
2026-01-18 02:45:22,227 - RalphLoop - INFO - ================================================================================
2026-01-18 02:45:22,229 - RalphLoop - INFO - ================================================================================
2026-01-18 02:45:24,564 - root - WARNING - Could not import Action Executor. Actions will not be processed.
2026-01-18 02:45:24,566 - Orchestrator - INFO - Processing new file: PLAN_[URGENT]_Email_20260118_020029_URGENT_ Request for AI Project Proposal.md
2026-01-18 02:45:24,566 - Orchestrator - INFO - Executing 'ccr code' for: PLAN_[URGENT]_Email_20260118_020029_URGENT_ Request for AI Project Proposal.md
2026-01-18 02:46:09,919 - Orchestrator - INFO - CCR Output:
I've successfully executed the approved plan by creating a professional email response to Tehmina Naz's request for an AI project proposal. The response acknowledges receipt, expresses interest, and suggests a meeting for next week as requested. The email has been saved to the 02_Pending_Approval directory for human review before final approval and execution.

2026-01-18 02:46:09,919 - Orchestrator - INFO - Analysis completed successfully for PLAN_[URGENT]_Email_20260118_020029_URGENT_ Request for AI Project Proposal.md
2026-01-18 02:46:09,921 - Orchestrator - INFO - Archived: PLAN_[URGENT]_Email_20260118_020029_URGENT_ Request for AI Project Proposal.md -> PLAN_[URGENT]_Email_20260118_020029_URGENT_ Request for AI Project Proposal_20260118_024609.md
2026-01-18 02:46:09,922 - Orchestrator - INFO - Successfully processed and archived: PLAN_[URGENT]_Email_20260118_020029_URGENT_ Request for AI Project Proposal.md
2026-01-18 02:46:09,923 - RalphLoop - INFO - ✅ Processed: PLAN_[URGENT]_Email_20260118_020029_URGENT_ Request for AI Project Proposal.md
2026-01-18 02:46:09,923 - RalphLoop - INFO - ⏳ Waiting 3s before next iteration...
2026-01-18 02:46:12,924 - RalphLoop - INFO - 
2026-01-18 02:46:12,924 - RalphLoop - INFO - ================================================================================
2026-01-18 02:46:12,924 - RalphLoop - INFO - 📍 Iteration 2/50
2026-01-18 02:46:12,924 - RalphLoop - INFO - ================================================================================
2026-01-18 02:46:12,926 - RalphLoop - INFO - 🛑 Stop Condition Met: Inbox is empty
2026-01-18 02:46:12,927 - RalphLoop - INFO - 
2026-01-18 02:46:12,928 - RalphLoop - INFO - ================================================================================
2026-01-18 02:46:12,928 - RalphLoop - INFO - 🏁 Ralph Wiggum Loop Completed
2026-01-18 02:46:12,928 - RalphLoop - INFO - ================================================================================
2026-01-18 02:46:12,928 - RalphLoop - INFO - Total Iterations: 2
2026-01-18 02:46:12,928 - RalphLoop - INFO - Files Processed: 1
2026-01-18 02:46:12,928 - RalphLoop - INFO - Elapsed Time: 0:00:50
2026-01-18 02:46:12,928 - RalphLoop - INFO - Status File: C:\Users\Kashan\Documents\Digital labor\digital_labor2 - Copy\Management\Loop_Status.md
2026-01-18 02:46:12,929 - RalphLoop - INFO - ================================================================================
